[uWSGI] getting INI configuration from /home_daint/bbpnrsoa/.local/etc/nginx/uwsgi-nrp.ini
*** Starting uWSGI 2.0.18-debian (64bit) on [Fri Feb  4 11:59:04 2022] ***
compiled with version: 10.0.1 20200405 (experimental) [master revision 0be9efad938:fcb98e4978a:705510a708d3642c9c962beb663c476167e4e8a4] on 11 April 2020 11:15:55
os: Linux-4.12.14-197.7_5.0.100-cray_ari_c #1 SMP Fri Jul 23 15:32:31 UTC 2021 (c47993f)
nodename: nid01317
machine: x86_64
clock source: unix
pcre jit disabled
detected number of CPU cores: 72
current working directory: /
detected binary path: /usr/bin/uwsgi-core
chdir() to /home_daint/bbpnrsoa/nrp/src/ExDBackend/hbp_nrp_backend/
*** WARNING: you are running uWSGI without its master process manager ***
your processes number limit is 514025
your memory page size is 4096 bytes
detected max file descriptor number: 262140
lock engine: pthread robust mutexes
thunder lock: disabled (you can enable it with --thunder-lock)
uwsgi socket 0 bound to UNIX address /tmp/nrp-services.sock fd 3
Python version: 3.8.10 (default, Sep 28 2021, 16:10:42)  [GCC 9.3.0]
PEP 405 virtualenv detected: /home_daint/bbpnrsoa/.opt/platform_venv
Set PythonHome to /home_daint/bbpnrsoa/.opt/platform_venv
Python main interpreter initialized at 0x55555567ee90
python threads support enabled
your server socket listen backlog is limited to 100 connections
your mercy for graceful operations on workers is 60 seconds
mapped 146112 bytes (142 KB) for 8 cores
*** Operational MODE: threaded ***
2022-02-04 11:59:06,803 [MainThread  ] [hbp_nrp_back] [WARNING]  Application started with uWSGI or any other framework. logging to console by default !
WSGI app 0 (mountpoint='') ready in 1 seconds on interpreter 0x55555567ee90 pid: 290 (default app)
*** uWSGI is running in multiple interpreter mode ***
spawned uWSGI worker 1 (and the only) (pid: 290, cores: 8)
2022-02-04 12:02:39,505 [uWSGIWorker1] [hbp_nrp_back] [INFO]  Could not generate textures, error occurred : Failed to communicate with the storage server, status code 500
2022-02-04 12:02:39,706 [uWSGIWorker1] [hbp_nrp_back] [INFO]  Requesting simulation resources
2022-02-04 12:02:39,706 [uWSGIWorker1] [hbp_nrp_back] [INFO]  simulation timeout initialized
2022-02-04 12:03:54,162 [uWSGIWorker1] [hbp_nrp_back] [INFO]  Connecting to ROS service /ros_cle_simulation/0/reset
2022-02-04 12:03:54,167 [uWSGIWorker1] [hbp_nrp_back] [INFO]  Connecting to ROS service /ros_cle_simulation/0/extend_timeout
2022-02-04 12:03:54,171 [uWSGIWorker1] [hbp_nrp_back] [INFO]  Connecting to ROS service /ros_cle_simulation/0/get_transfer_functions
2022-02-04 12:03:54,175 [uWSGIWorker1] [hbp_nrp_back] [INFO]  Connecting to ROS service /ros_cle_simulation/0/add_transfer_function
2022-02-04 12:03:54,179 [uWSGIWorker1] [hbp_nrp_back] [INFO]  Connecting to ROS service /ros_cle_simulation/0/activate_transfer_function
2022-02-04 12:03:54,183 [uWSGIWorker1] [hbp_nrp_back] [INFO]  Connecting to ROS service /ros_cle_simulation/0/edit_transfer_function
2022-02-04 12:03:54,186 [uWSGIWorker1] [hbp_nrp_back] [INFO]  Connecting to ROS service /ros_cle_simulation/0/convert_transfer_function_raw_to_structured
2022-02-04 12:03:54,190 [uWSGIWorker1] [hbp_nrp_back] [INFO]  Connecting to ROS service /ros_cle_simulation/0/delete_transfer_function
2022-02-04 12:03:54,194 [uWSGIWorker1] [hbp_nrp_back] [INFO]  Connecting to ROS service /ros_cle_simulation/0/get_brain
2022-02-04 12:03:54,197 [uWSGIWorker1] [hbp_nrp_back] [INFO]  Connecting to ROS service /ros_cle_simulation/0/set_brain
2022-02-04 12:03:54,201 [uWSGIWorker1] [hbp_nrp_back] [INFO]  Connecting to ROS service /ros_cle_simulation/0/get_populations
2022-02-04 12:03:54,205 [uWSGIWorker1] [hbp_nrp_back] [INFO]  Connecting to ROS service /ros_cle_simulation/0/set_populations
2022-02-04 12:03:54,209 [uWSGIWorker1] [hbp_nrp_back] [INFO]  Connecting to ROS service /ros_cle_simulation/0/get_CSV_recorders_files
2022-02-04 12:03:54,212 [uWSGIWorker1] [hbp_nrp_back] [INFO]  Connecting to ROS service /ros_cle_simulation/0/simulation_recorder
2022-02-04 12:03:54,216 [uWSGIWorker1] [hbp_nrp_back] [INFO]  Connecting to ROS service /ros_cle_simulation/0/get_robots
2022-02-04 12:03:54,220 [uWSGIWorker1] [hbp_nrp_back] [INFO]  Connecting to ROS service /ros_cle_simulation/0/add_robot
2022-02-04 12:03:54,223 [uWSGIWorker1] [hbp_nrp_back] [INFO]  Connecting to ROS service /ros_cle_simulation/0/del_robot
2022-02-04 12:03:54,227 [uWSGIWorker1] [hbp_nrp_back] [INFO]  Connecting to ROS service /ros_cle_simulation/0/set_exc_robot_pose
2022-02-04 12:03:54,231 [uWSGIWorker1] [hbp_nrp_back] [INFO]  Connecting to ROS service /ros_cle_simulation/0/prepare_model
2022-02-04 12:03:54,235 [uWSGIWorker1] [hbp_nrp_back] [INFO]  simulation initialized
2022-02-04 12:03:55,289 [uWSGIWorker1] [hbp_nrp_back] [INFO]  Starting State Machines...
2022-02-04 12:04:06,902 [Thread-5    ] [hbp_nrp_back] [INFO]  Start cleanup
2022-02-04 12:09:07,003 [Thread-5    ] [hbp_nrp_back] [INFO]  Start cleanup
2022-02-04 12:10:59,810 [/ros_cle_sim] [hbp_nrp_back] [INFO]  State machine outcomes: 
2022-02-04 12:14:07,103 [Thread-5    ] [hbp_nrp_back] [INFO]  Start cleanup
2022-02-04 12:19:07,204 [Thread-5    ] [hbp_nrp_back] [INFO]  Start cleanup
2022-02-04 12:21:42,704 [uWSGIWorker1] [hbp_nrp_back] [INFO]  Could not generate textures, error occurred : Failed to communicate with the storage server, status code 500
2022-02-04 12:21:42,958 [uWSGIWorker1] [hbp_nrp_back] [INFO]  Requesting simulation resources
2022-02-04 12:21:42,958 [uWSGIWorker1] [hbp_nrp_back] [INFO]  simulation timeout initialized
2022-02-04 12:22:23,349 [uWSGIWorker1] [hbp_nrp_back] [INFO]  Connecting to ROS service /ros_cle_simulation/1/reset
2022-02-04 12:22:23,353 [uWSGIWorker1] [hbp_nrp_back] [INFO]  Connecting to ROS service /ros_cle_simulation/1/extend_timeout
2022-02-04 12:22:23,357 [uWSGIWorker1] [hbp_nrp_back] [INFO]  Connecting to ROS service /ros_cle_simulation/1/get_transfer_functions
2022-02-04 12:22:23,360 [uWSGIWorker1] [hbp_nrp_back] [INFO]  Connecting to ROS service /ros_cle_simulation/1/add_transfer_function
2022-02-04 12:22:23,364 [uWSGIWorker1] [hbp_nrp_back] [INFO]  Connecting to ROS service /ros_cle_simulation/1/activate_transfer_function
2022-02-04 12:22:23,368 [uWSGIWorker1] [hbp_nrp_back] [INFO]  Connecting to ROS service /ros_cle_simulation/1/edit_transfer_function
2022-02-04 12:22:23,371 [uWSGIWorker1] [hbp_nrp_back] [INFO]  Connecting to ROS service /ros_cle_simulation/1/convert_transfer_function_raw_to_structured
2022-02-04 12:22:23,375 [uWSGIWorker1] [hbp_nrp_back] [INFO]  Connecting to ROS service /ros_cle_simulation/1/delete_transfer_function
2022-02-04 12:22:23,379 [uWSGIWorker1] [hbp_nrp_back] [INFO]  Connecting to ROS service /ros_cle_simulation/1/get_brain
2022-02-04 12:22:23,382 [uWSGIWorker1] [hbp_nrp_back] [INFO]  Connecting to ROS service /ros_cle_simulation/1/set_brain
2022-02-04 12:22:23,386 [uWSGIWorker1] [hbp_nrp_back] [INFO]  Connecting to ROS service /ros_cle_simulation/1/get_populations
2022-02-04 12:22:23,390 [uWSGIWorker1] [hbp_nrp_back] [INFO]  Connecting to ROS service /ros_cle_simulation/1/set_populations
2022-02-04 12:22:23,394 [uWSGIWorker1] [hbp_nrp_back] [INFO]  Connecting to ROS service /ros_cle_simulation/1/get_CSV_recorders_files
2022-02-04 12:22:23,398 [uWSGIWorker1] [hbp_nrp_back] [INFO]  Connecting to ROS service /ros_cle_simulation/1/simulation_recorder
2022-02-04 12:22:23,402 [uWSGIWorker1] [hbp_nrp_back] [INFO]  Connecting to ROS service /ros_cle_simulation/1/get_robots
2022-02-04 12:22:23,405 [uWSGIWorker1] [hbp_nrp_back] [INFO]  Connecting to ROS service /ros_cle_simulation/1/add_robot
2022-02-04 12:22:23,409 [uWSGIWorker1] [hbp_nrp_back] [INFO]  Connecting to ROS service /ros_cle_simulation/1/del_robot
2022-02-04 12:22:23,412 [uWSGIWorker1] [hbp_nrp_back] [INFO]  Connecting to ROS service /ros_cle_simulation/1/set_exc_robot_pose
2022-02-04 12:22:23,416 [uWSGIWorker1] [hbp_nrp_back] [INFO]  Connecting to ROS service /ros_cle_simulation/1/prepare_model
2022-02-04 12:22:23,420 [uWSGIWorker1] [hbp_nrp_back] [INFO]  simulation initialized
2022-02-04 12:22:24,477 [uWSGIWorker1] [hbp_nrp_back] [INFO]  Starting State Machines...
2022-02-04 12:24:07,254 [Thread-5    ] [hbp_nrp_back] [INFO]  Start cleanup
2022-02-04 12:26:39,553 [/ros_cle_sim] [hbp_nrp_back] [INFO]  State machine outcomes: 
2022-02-04 12:29:07,355 [Thread-5    ] [hbp_nrp_back] [INFO]  Start cleanup
2022-02-04 12:34:07,455 [Thread-5    ] [hbp_nrp_back] [INFO]  Start cleanup
2022-02-04 12:37:28,252 [uWSGIWorker1] [hbp_nrp_back] [INFO]  Could not generate textures, error occurred : Failed to communicate with the storage server, status code 500
2022-02-04 12:37:28,428 [uWSGIWorker1] [hbp_nrp_back] [INFO]  Requesting simulation resources
2022-02-04 12:37:28,428 [uWSGIWorker1] [hbp_nrp_back] [INFO]  simulation timeout initialized
2022-02-04 12:37:52,045 [uWSGIWorker1] [hbp_nrp_back] [INFO]  Connecting to ROS service /ros_cle_simulation/2/reset
2022-02-04 12:37:52,049 [uWSGIWorker1] [hbp_nrp_back] [INFO]  Connecting to ROS service /ros_cle_simulation/2/extend_timeout
2022-02-04 12:37:52,053 [uWSGIWorker1] [hbp_nrp_back] [INFO]  Connecting to ROS service /ros_cle_simulation/2/get_transfer_functions
2022-02-04 12:37:52,057 [uWSGIWorker1] [hbp_nrp_back] [INFO]  Connecting to ROS service /ros_cle_simulation/2/add_transfer_function
2022-02-04 12:37:52,060 [uWSGIWorker1] [hbp_nrp_back] [INFO]  Connecting to ROS service /ros_cle_simulation/2/activate_transfer_function
2022-02-04 12:37:52,064 [uWSGIWorker1] [hbp_nrp_back] [INFO]  Connecting to ROS service /ros_cle_simulation/2/edit_transfer_function
2022-02-04 12:37:52,068 [uWSGIWorker1] [hbp_nrp_back] [INFO]  Connecting to ROS service /ros_cle_simulation/2/convert_transfer_function_raw_to_structured
2022-02-04 12:37:52,072 [uWSGIWorker1] [hbp_nrp_back] [INFO]  Connecting to ROS service /ros_cle_simulation/2/delete_transfer_function
2022-02-04 12:37:52,075 [uWSGIWorker1] [hbp_nrp_back] [INFO]  Connecting to ROS service /ros_cle_simulation/2/get_brain
2022-02-04 12:37:52,079 [uWSGIWorker1] [hbp_nrp_back] [INFO]  Connecting to ROS service /ros_cle_simulation/2/set_brain
2022-02-04 12:37:52,083 [uWSGIWorker1] [hbp_nrp_back] [INFO]  Connecting to ROS service /ros_cle_simulation/2/get_populations
2022-02-04 12:37:52,087 [uWSGIWorker1] [hbp_nrp_back] [INFO]  Connecting to ROS service /ros_cle_simulation/2/set_populations
2022-02-04 12:37:52,090 [uWSGIWorker1] [hbp_nrp_back] [INFO]  Connecting to ROS service /ros_cle_simulation/2/get_CSV_recorders_files
2022-02-04 12:37:52,094 [uWSGIWorker1] [hbp_nrp_back] [INFO]  Connecting to ROS service /ros_cle_simulation/2/simulation_recorder
2022-02-04 12:37:52,098 [uWSGIWorker1] [hbp_nrp_back] [INFO]  Connecting to ROS service /ros_cle_simulation/2/get_robots
2022-02-04 12:37:52,101 [uWSGIWorker1] [hbp_nrp_back] [INFO]  Connecting to ROS service /ros_cle_simulation/2/add_robot
2022-02-04 12:37:52,105 [uWSGIWorker1] [hbp_nrp_back] [INFO]  Connecting to ROS service /ros_cle_simulation/2/del_robot
2022-02-04 12:37:52,109 [uWSGIWorker1] [hbp_nrp_back] [INFO]  Connecting to ROS service /ros_cle_simulation/2/set_exc_robot_pose
2022-02-04 12:37:52,112 [uWSGIWorker1] [hbp_nrp_back] [INFO]  Connecting to ROS service /ros_cle_simulation/2/prepare_model
2022-02-04 12:37:52,116 [uWSGIWorker1] [hbp_nrp_back] [INFO]  simulation initialized
2022-02-04 12:37:53,173 [uWSGIWorker1] [hbp_nrp_back] [INFO]  Starting State Machines...
2022-02-04 12:39:07,553 [Thread-5    ] [hbp_nrp_back] [INFO]  Start cleanup
2022-02-04 12:40:07,084 [/ros_cle_sim] [hbp_nrp_back] [INFO]  State machine outcomes: 
2022-02-04 12:44:07,653 [Thread-5    ] [hbp_nrp_back] [INFO]  Start cleanup
2022-02-04 12:49:07,750 [Thread-5    ] [hbp_nrp_back] [INFO]  Start cleanup
2022-02-04 12:50:50,717 [uWSGIWorker1] [hbp_nrp_back] [INFO]  Could not generate textures, error occurred : Failed to communicate with the storage server, status code 500
2022-02-04 12:50:50,893 [uWSGIWorker1] [hbp_nrp_back] [INFO]  Requesting simulation resources
2022-02-04 12:50:50,894 [uWSGIWorker1] [hbp_nrp_back] [INFO]  simulation timeout initialized
2022-02-04 12:51:06,213 [uWSGIWorker1] [hbp_nrp_back] [INFO]  Connecting to ROS service /ros_cle_simulation/3/reset
2022-02-04 12:51:06,217 [uWSGIWorker1] [hbp_nrp_back] [INFO]  Connecting to ROS service /ros_cle_simulation/3/extend_timeout
2022-02-04 12:51:06,220 [uWSGIWorker1] [hbp_nrp_back] [INFO]  Connecting to ROS service /ros_cle_simulation/3/get_transfer_functions
2022-02-04 12:51:06,224 [uWSGIWorker1] [hbp_nrp_back] [INFO]  Connecting to ROS service /ros_cle_simulation/3/add_transfer_function
2022-02-04 12:51:06,228 [uWSGIWorker1] [hbp_nrp_back] [INFO]  Connecting to ROS service /ros_cle_simulation/3/activate_transfer_function
2022-02-04 12:51:06,232 [uWSGIWorker1] [hbp_nrp_back] [INFO]  Connecting to ROS service /ros_cle_simulation/3/edit_transfer_function
2022-02-04 12:51:06,235 [uWSGIWorker1] [hbp_nrp_back] [INFO]  Connecting to ROS service /ros_cle_simulation/3/convert_transfer_function_raw_to_structured
2022-02-04 12:51:06,239 [uWSGIWorker1] [hbp_nrp_back] [INFO]  Connecting to ROS service /ros_cle_simulation/3/delete_transfer_function
2022-02-04 12:51:06,243 [uWSGIWorker1] [hbp_nrp_back] [INFO]  Connecting to ROS service /ros_cle_simulation/3/get_brain
2022-02-04 12:51:06,247 [uWSGIWorker1] [hbp_nrp_back] [INFO]  Connecting to ROS service /ros_cle_simulation/3/set_brain
2022-02-04 12:51:06,250 [uWSGIWorker1] [hbp_nrp_back] [INFO]  Connecting to ROS service /ros_cle_simulation/3/get_populations
2022-02-04 12:51:06,254 [uWSGIWorker1] [hbp_nrp_back] [INFO]  Connecting to ROS service /ros_cle_simulation/3/set_populations
2022-02-04 12:51:06,258 [uWSGIWorker1] [hbp_nrp_back] [INFO]  Connecting to ROS service /ros_cle_simulation/3/get_CSV_recorders_files
2022-02-04 12:51:06,262 [uWSGIWorker1] [hbp_nrp_back] [INFO]  Connecting to ROS service /ros_cle_simulation/3/simulation_recorder
2022-02-04 12:51:06,265 [uWSGIWorker1] [hbp_nrp_back] [INFO]  Connecting to ROS service /ros_cle_simulation/3/get_robots
2022-02-04 12:51:06,269 [uWSGIWorker1] [hbp_nrp_back] [INFO]  Connecting to ROS service /ros_cle_simulation/3/add_robot
2022-02-04 12:51:06,273 [uWSGIWorker1] [hbp_nrp_back] [INFO]  Connecting to ROS service /ros_cle_simulation/3/del_robot
2022-02-04 12:51:06,276 [uWSGIWorker1] [hbp_nrp_back] [INFO]  Connecting to ROS service /ros_cle_simulation/3/set_exc_robot_pose
2022-02-04 12:51:06,280 [uWSGIWorker1] [hbp_nrp_back] [INFO]  Connecting to ROS service /ros_cle_simulation/3/prepare_model
2022-02-04 12:51:06,284 [uWSGIWorker1] [hbp_nrp_back] [INFO]  simulation initialized
2022-02-04 12:51:07,341 [uWSGIWorker1] [hbp_nrp_back] [INFO]  Starting State Machines...
2022-02-04 12:52:28,977 [/ros_cle_sim] [hbp_nrp_back] [INFO]  State machine outcomes: 
2022-02-04 12:54:07,830 [Thread-5    ] [hbp_nrp_back] [INFO]  Start cleanup
2022-02-04 12:59:07,930 [Thread-5    ] [hbp_nrp_back] [INFO]  Start cleanup
2022-02-04 13:03:12,055 [uWSGIWorker1] [hbp_nrp_back] [INFO]  Could not generate textures, error occurred : Failed to communicate with the storage server, status code 500
2022-02-04 13:03:12,250 [uWSGIWorker1] [hbp_nrp_back] [INFO]  Requesting simulation resources
2022-02-04 13:03:12,250 [uWSGIWorker1] [hbp_nrp_back] [INFO]  simulation timeout initialized
2022-02-04 13:03:51,417 [uWSGIWorker1] [hbp_nrp_back] [INFO]  State machine outcomes: 
2022-02-04 13:03:52,430 [uWSGIWorker1] [hbp_nrp_back] [ERROR]  'Error starting the simulation. (ServiceException("service [/ros_cle_simulation/create_new_simulation] responded with an error: b\'error processing request: Could not prepare custom robot File is not a zip file\'"))' (rospy.ServiceException)
Traceback (most recent call last):
  File "/home_daint/bbpnrsoa/nrp/src/ExDBackend/hbp_nrp_backend/./hbp_nrp_backend/simulation_control/__BackendSimulationLifecycle.py", line 194, in initialize
    simulation_factory_client.create_new_simulation(
  File "/home_daint/bbpnrsoa/nrp/src/ExDBackend/hbp_nrp_backend/./hbp_nrp_backend/cle_interface/ROSCLESimulationFactoryClient.py", line 77, in create_new_simulation
    self.__create_new_simulation_service(experiment_conf,
  File "/opt/ros/noetic/lib/python3/dist-packages/rospy/impl/tcpros_service.py", line 442, in __call__
    return self.call(*args, **kwds)
  File "/opt/ros/noetic/lib/python3/dist-packages/rospy/impl/tcpros_service.py", line 523, in call
    responses = transport.receive_once()
  File "/opt/ros/noetic/lib/python3/dist-packages/rospy/impl/tcpros_base.py", line 742, in receive_once
    p.read_messages(b, msg_queue, sock)
  File "/opt/ros/noetic/lib/python3/dist-packages/rospy/impl/tcpros_service.py", line 360, in read_messages
    self._read_ok_byte(b, sock)
  File "/opt/ros/noetic/lib/python3/dist-packages/rospy/impl/tcpros_service.py", line 343, in _read_ok_byte
    raise ServiceException("service [%s] responded with an error: %s"%(self.resolved_name, str))
rospy.service.ServiceException: service [/ros_cle_simulation/create_new_simulation] responded with an error: b'error processing request: Could not prepare custom robot File is not a zip file'

During handling of the above exception, another exception occurred:

Traceback (most recent call last):
  File "/home_daint/bbpnrsoa/.opt/platform_venv/lib/python3.8/site-packages/flask/app.py", line 1950, in full_dispatch_request
    rv = self.dispatch_request()
  File "/home_daint/bbpnrsoa/.opt/platform_venv/lib/python3.8/site-packages/flask/app.py", line 1936, in dispatch_request
    return self.view_functions[rule.endpoint](**req.view_args)
  File "/home_daint/bbpnrsoa/.opt/platform_venv/lib/python3.8/site-packages/flask_restful/__init__.py", line 468, in wrapper
    resp = resource(*args, **kwargs)
  File "/home_daint/bbpnrsoa/.opt/platform_venv/lib/python3.8/site-packages/flask/views.py", line 89, in view
    return self.dispatch_request(*args, **kwargs)
  File "/home_daint/bbpnrsoa/.opt/platform_venv/lib/python3.8/site-packages/flask_restful/__init__.py", line 583, in dispatch_request
    resp = meth(*args, **kwargs)
  File "/home_daint/bbpnrsoa/nrp/src/ExDBackend/hbp_nrp_backend/./hbp_nrp_backend/rest_server/__SimulationService.py", line 192, in post
    sim.state = "initialized"
  File "/home_daint/bbpnrsoa/nrp/src/ExDBackend/hbp_nrp_backend/./hbp_nrp_backend/simulation_control/__Simulation.py", line 271, in state
    self.__lifecycle.accept_command(new_state)
  File "/home_daint/bbpnrsoa/nrp/src/ExDBackend/hbp_nrp_commons/hbp_nrp_commons/simulation_lifecycle.py", line 185, in accept_command
    self.__machine.events[command].trigger()
  File "/home_daint/bbpnrsoa/.opt/platform_venv/lib/python3.8/site-packages/transitions/extensions/locking.py", line 22, in trigger
    super(LockedEvent, self).trigger(*args, **kwargs)
  File "/home_daint/bbpnrsoa/.opt/platform_venv/lib/python3.8/site-packages/transitions/core.py", line 238, in trigger
    return self.machine._process(f)
  File "/home_daint/bbpnrsoa/.opt/platform_venv/lib/python3.8/site-packages/transitions/extensions/locking.py", line 15, in __call__
    return self.func(*args, **kwargs)
  File "/home_daint/bbpnrsoa/.opt/platform_venv/lib/python3.8/site-packages/transitions/core.py", line 555, in _process
    return trigger()
  File "/home_daint/bbpnrsoa/.opt/platform_venv/lib/python3.8/site-packages/transitions/core.py", line 263, in _trigger
    if t.execute(event):
  File "/home_daint/bbpnrsoa/.opt/platform_venv/lib/python3.8/site-packages/transitions/core.py", line 161, in execute
    machine._callback(func, event_data)
  File "/home_daint/bbpnrsoa/.opt/platform_venv/lib/python3.8/site-packages/transitions/extensions/locking.py", line 15, in __call__
    return self.func(*args, **kwargs)
  File "/home_daint/bbpnrsoa/.opt/platform_venv/lib/python3.8/site-packages/transitions/core.py", line 545, in _callback
    func(event_data)
  File "/home_daint/bbpnrsoa/nrp/src/ExDBackend/hbp_nrp_backend/./hbp_nrp_backend/simulation_control/__BackendSimulationLifecycle.py", line 220, in initialize
    raise NRPServicesGeneralException(
hbp_nrp_backend.NRPServicesGeneralException: 'Error starting the simulation. (ServiceException("service [/ros_cle_simulation/create_new_simulation] responded with an error: b\'error processing request: Could not prepare custom robot File is not a zip file\'"))' (rospy.ServiceException)
